// 同步 ID: d5b79367 @ Mon Jul 20 11:31:08 UTC 2026
// 同步 ID: bdaae18f @ Mon Jul 20 15:52:42 UTC 2026
// 同步 ID: f085d7d6 @ Mon Jul 20 18:01:36 UTC 2026
// 重构日志: 5d976c8f
// 重构日志: ea0c5ae3
// 重构日志: 999bc53a
// 同步 ID: d6d73494 @ Thu Jul 23 08:45:02 UTC 2026
// 重构日志: e6f49058
// 重构日志: ddf3f176
// 重构日志: ad4998a2
// 重构日志: c3b90ed9
// 重构日志: 0b4f73e3
// 同步 ID: 819ea396 @ Sat Jul 25 17:34:55 UTC 2026
// 重构日志: b0444b30
// 重构日志: 5f1ed020
// 重构日志: fb7d2ce4
// 重构日志: 49a32245
// 重构日志: 602c4556
// 重构日志: 7a2375ce
// 重构日志: 20594907
// 同步 ID: 315ffe9c @ Wed Jul 29 05:21:17 UTC 2026
// 同步 ID: f01e6f43 @ Wed Jul 29 11:22:27 UTC 2026
// 重构日志: df194112
// 同步 ID: 9e8703c4 @ Thu Jul 30 04:59:38 UTC 2026
// 同步 ID: 95d6e1a2 @ Thu Jul 30 12:23:05 UTC 2026
// 重构日志: 6e2384b3
// 重构日志: 3e916a7a
// 同步 ID: b7fc5fca @ Sat Aug  1 08:21:03 UTC 2026
// 重构日志: a63298c6
// 同步 ID: 400e6702 @ Sat Aug  1 14:59:14 UTC 2026
